Analysis & Synthesis report for lcd-driver
Wed Jun 26 11:36:03 2019
Quartus II Version 8.1 Build 163 10/28/2008 SJ Full Version


---------------------
; Table of Contents ;
---------------------
  1. Legal Notice
  2. Analysis & Synthesis Summary
  3. Analysis & Synthesis Settings
  4. Analysis & Synthesis Source Files Read
  5. Analysis & Synthesis Resource Usage Summary
  6. Analysis & Synthesis Resource Utilization by Entity
  7. State Machine - |lcd_driver|LCD_Display:u1|next_command
  8. State Machine - |lcd_driver|LCD_Display:u1|state
  9. User-Specified and Inferred Latches
 10. Registers Removed During Synthesis
 11. General Register Statistics
 12. Multiplexer Restructuring Statistics (Restructuring Performed)
 13. Parameter Settings for User Entity Instance: LCD_Display:u1
 14. Analysis & Synthesis Messages
 15. Analysis & Synthesis Suppressed Messages



----------------
; Legal Notice ;
----------------
Copyright (C) 1991-2008 Altera Corporation
Your use of Altera Corporation's design tools, logic functions 
and other software and tools, and its AMPP partner logic 
functions, and any output files from any of the foregoing 
(including device programming or simulation files), and any 
associated documentation or information are expressly subject 
to the terms and conditions of the Altera Program License 
Subscription Agreement, Altera MegaCore Function License 
Agreement, or other applicable license agreement, including, 
without limitation, that your use is for the sole purpose of 
programming logic devices manufactured by Altera and sold by 
Altera or its authorized distributors.  Please refer to the 
applicable agreement for further details.



+-------------------------------------------------------------------------------+
; Analysis & Synthesis Summary                                                  ;
+------------------------------------+------------------------------------------+
; Analysis & Synthesis Status        ; Successful - Wed Jun 26 11:36:03 2019    ;
; Quartus II Version                 ; 8.1 Build 163 10/28/2008 SJ Full Version ;
; Revision Name                      ; lcd-driver                               ;
; Top-level Entity Name              ; lcd_driver                               ;
; Family                             ; Cyclone II                               ;
; Total logic elements               ; 175                                      ;
;     Total combinational functions  ; 175                                      ;
;     Dedicated logic registers      ; 80                                       ;
; Total registers                    ; 80                                       ;
; Total pins                         ; 191                                      ;
; Total virtual pins                 ; 0                                        ;
; Total memory bits                  ; 0                                        ;
; Embedded Multiplier 9-bit elements ; 0                                        ;
; Total PLLs                         ; 0                                        ;
+------------------------------------+------------------------------------------+


+----------------------------------------------------------------------------------------------------------+
; Analysis & Synthesis Settings                                                                            ;
+----------------------------------------------------------------+--------------------+--------------------+
; Option                                                         ; Setting            ; Default Value      ;
+----------------------------------------------------------------+--------------------+--------------------+
; Device                                                         ; EP2C70F896C6       ;                    ;
; Top-level entity name                                          ; lcd_driver         ; lcd-driver         ;
; Family name                                                    ; Cyclone II         ; Stratix II         ;
; Use Generated Physical Constraints File                        ; Off                ;                    ;
; Use smart compilation                                          ; Off                ; Off                ;
; Restructure Multiplexers                                       ; Auto               ; Auto               ;
; Create Debugging Nodes for IP Cores                            ; Off                ; Off                ;
; Preserve fewer node names                                      ; On                 ; On                 ;
; Disable OpenCore Plus hardware evaluation                      ; Off                ; Off                ;
; Verilog Version                                                ; Verilog_2001       ; Verilog_2001       ;
; VHDL Version                                                   ; VHDL93             ; VHDL93             ;
; State Machine Processing                                       ; Auto               ; Auto               ;
; Safe State Machine                                             ; Off                ; Off                ;
; Extract Verilog State Machines                                 ; On                 ; On                 ;
; Extract VHDL State Machines                                    ; On                 ; On                 ;
; Ignore Verilog initial constructs                              ; Off                ; Off                ;
; Iteration limit for constant Verilog loops                     ; 5000               ; 5000               ;
; Iteration limit for non-constant Verilog loops                 ; 250                ; 250                ;
; Add Pass-Through Logic to Inferred RAMs                        ; On                 ; On                 ;
; Parallel Synthesis                                             ; Off                ; Off                ;
; DSP Block Balancing                                            ; Auto               ; Auto               ;
; NOT Gate Push-Back                                             ; On                 ; On                 ;
; Power-Up Don't Care                                            ; On                 ; On                 ;
; Remove Redundant Logic Cells                                   ; Off                ; Off                ;
; Remove Duplicate Registers                                     ; On                 ; On                 ;
; Ignore CARRY Buffers                                           ; Off                ; Off                ;
; Ignore CASCADE Buffers                                         ; Off                ; Off                ;
; Ignore GLOBAL Buffers                                          ; Off                ; Off                ;
; Ignore ROW GLOBAL Buffers                                      ; Off                ; Off                ;
; Ignore LCELL Buffers                                           ; Off                ; Off                ;
; Ignore SOFT Buffers                                            ; On                 ; On                 ;
; Limit AHDL Integers to 32 Bits                                 ; Off                ; Off                ;
; Optimization Technique                                         ; Balanced           ; Balanced           ;
; Carry Chain Length                                             ; 70                 ; 70                 ;
; Auto Carry Chains                                              ; On                 ; On                 ;
; Auto Open-Drain Pins                                           ; On                 ; On                 ;
; Perform WYSIWYG Primitive Resynthesis                          ; Off                ; Off                ;
; Perform gate-level register retiming                           ; Off                ; Off                ;
; Allow register retiming to trade off Tsu/Tco with Fmax         ; On                 ; On                 ;
; Auto ROM Replacement                                           ; On                 ; On                 ;
; Auto RAM Replacement                                           ; On                 ; On                 ;
; Auto Shift Register Replacement                                ; Auto               ; Auto               ;
; Auto Clock Enable Replacement                                  ; On                 ; On                 ;
; Strict RAM Replacement                                         ; Off                ; Off                ;
; Allow Synchronous Control Signals                              ; On                 ; On                 ;
; Force Use of Synchronous Clear Signals                         ; Off                ; Off                ;
; Auto RAM to Logic Cell Conversion                              ; Off                ; Off                ;
; Auto Resource Sharing                                          ; Off                ; Off                ;
; Allow Any RAM Size For Recognition                             ; Off                ; Off                ;
; Allow Any ROM Size For Recognition                             ; Off                ; Off                ;
; Allow Any Shift Register Size For Recognition                  ; Off                ; Off                ;
; Use LogicLock Constraints during Resource Balancing            ; On                 ; On                 ;
; Ignore translate_off and synthesis_off directives              ; Off                ; Off                ;
; Show Parameter Settings Tables in Synthesis Report             ; On                 ; On                 ;
; Ignore Maximum Fan-Out Assignments                             ; Off                ; Off                ;
; Synchronization Register Chain Length                          ; 2                  ; 2                  ;
; PowerPlay Power Optimization                                   ; Normal compilation ; Normal compilation ;
; HDL message level                                              ; Level2             ; Level2             ;
; Suppress Register Optimization Related Messages                ; Off                ; Off                ;
; Number of Removed Registers Reported in Synthesis Report       ; 100                ; 100                ;
; Number of Inverted Registers Reported in Synthesis Report      ; 100                ; 100                ;
; Clock MUX Protection                                           ; On                 ; On                 ;
; Auto Gated Clock Conversion                                    ; Off                ; Off                ;
; Block Design Naming                                            ; Auto               ; Auto               ;
; SDC constraint protection                                      ; Off                ; Off                ;
; Synthesis Effort                                               ; Auto               ; Auto               ;
; Allows Asynchronous Clear Usage For Shift Register Replacement ; On                 ; On                 ;
; Analysis & Synthesis Message Level                             ; Medium             ; Medium             ;
+----------------------------------------------------------------+--------------------+--------------------+


+-----------------------------------------------------------------------------------------------------------------------------+
; Analysis & Synthesis Source Files Read                                                                                      ;
+----------------------------------+-----------------+------------------------+-----------------------------------------------+
; File Name with User-Entered Path ; Used in Netlist ; File Type              ; File Name with Absolute Path                  ;
+----------------------------------+-----------------+------------------------+-----------------------------------------------+
; lcd_driver.v                     ; yes             ; User Verilog HDL File  ; D:/lcd-driver-CFAH1602BTMCJP/src/lcd_driver.v ;
+----------------------------------+-----------------+------------------------+-----------------------------------------------+


+---------------------------------------------------------------------+
; Analysis & Synthesis Resource Usage Summary                         ;
+---------------------------------------------+-----------------------+
; Resource                                    ; Usage                 ;
+---------------------------------------------+-----------------------+
; Estimated Total logic elements              ; 175                   ;
;                                             ;                       ;
; Total combinational functions               ; 175                   ;
; Logic element usage by number of LUT inputs ;                       ;
;     -- 4 input functions                    ; 80                    ;
;     -- 3 input functions                    ; 28                    ;
;     -- <=2 input functions                  ; 67                    ;
;                                             ;                       ;
; Logic elements by mode                      ;                       ;
;     -- normal mode                          ; 134                   ;
;     -- arithmetic mode                      ; 41                    ;
;                                             ;                       ;
; Total registers                             ; 80                    ;
;     -- Dedicated logic registers            ; 80                    ;
;     -- I/O registers                        ; 0                     ;
;                                             ;                       ;
; I/O pins                                    ; 191                   ;
; Maximum fan-out node                        ; Reset_Delay:r0|oRESET ;
; Maximum fan-out                             ; 58                    ;
; Total fan-out                               ; 822                   ;
; Average fan-out                             ; 1.84                  ;
+---------------------------------------------+-----------------------+


+-------------------------------------------------------------------------------------------------------------------------------------------------------------------------------------------------------------+
; Analysis & Synthesis Resource Utilization by Entity                                                                                                                                                         ;
+-------------------------------+-------------------+--------------+-------------+--------------+---------+-----------+------+--------------+--------------------------------------------------+--------------+
; Compilation Hierarchy Node    ; LC Combinationals ; LC Registers ; Memory Bits ; DSP Elements ; DSP 9x9 ; DSP 18x18 ; Pins ; Virtual Pins ; Full Hierarchy Name                              ; Library Name ;
+-------------------------------+-------------------+--------------+-------------+--------------+---------+-----------+------+--------------+--------------------------------------------------+--------------+
; |lcd_driver                   ; 175 (0)           ; 80 (0)       ; 0           ; 0            ; 0       ; 0         ; 191  ; 0            ; |lcd_driver                                      ; work         ;
;    |LCD_Display:u1|           ; 147 (99)          ; 59 (59)      ; 0           ; 0            ; 0       ; 0         ; 0    ; 0            ; |lcd_driver|LCD_Display:u1                       ; work         ;
;       |LCD_display_string:u1| ; 48 (48)           ; 0 (0)        ; 0           ; 0            ; 0       ; 0         ; 0    ; 0            ; |lcd_driver|LCD_Display:u1|LCD_display_string:u1 ; work         ;
;    |Reset_Delay:r0|           ; 28 (28)           ; 21 (21)      ; 0           ; 0            ; 0       ; 0         ; 0    ; 0            ; |lcd_driver|Reset_Delay:r0                       ; work         ;
+-------------------------------+-------------------+--------------+-------------+--------------+---------+-----------+------+--------------+--------------------------------------------------+--------------+
Note: For table entries with two numbers listed, the numbers in parentheses indicate the number of resources of the given type used by the specific entity alone. The numbers listed outside of parentheses indicate the total resources of the given type used by the specific entity and all of its sub-entities in the hierarchy.


Encoding Type:  One-Hot
+--------------------------------------------------------------------------------------------------------------------------------------------------------------------------------------------------------------------------------------------------------------------------------------+
; State Machine - |lcd_driver|LCD_Display:u1|next_command                                                                                                                                                                                                                              ;
+----------------------------+----------------------------+--------------------------+---------------------+---------------------+--------------------------+--------------------+---------------------------+-----------------------+-------------------------+-----------------------+
; Name                       ; next_command.DISPLAY_CLEAR ; next_command.DISPLAY_OFF ; next_command.RESET3 ; next_command.RESET2 ; next_command.RETURN_HOME ; next_command.LINE2 ; next_command.Print_String ; next_command.MODE_SET ; next_command.DISPLAY_ON ; next_command.FUNC_SET ;
+----------------------------+----------------------------+--------------------------+---------------------+---------------------+--------------------------+--------------------+---------------------------+-----------------------+-------------------------+-----------------------+
; next_command.FUNC_SET      ; 0                          ; 0                        ; 0                   ; 0                   ; 0                        ; 0                  ; 0                         ; 0                     ; 0                       ; 0                     ;
; next_command.DISPLAY_ON    ; 0                          ; 0                        ; 0                   ; 0                   ; 0                        ; 0                  ; 0                         ; 0                     ; 1                       ; 1                     ;
; next_command.MODE_SET      ; 0                          ; 0                        ; 0                   ; 0                   ; 0                        ; 0                  ; 0                         ; 1                     ; 0                       ; 1                     ;
; next_command.Print_String  ; 0                          ; 0                        ; 0                   ; 0                   ; 0                        ; 0                  ; 1                         ; 0                     ; 0                       ; 1                     ;
; next_command.LINE2         ; 0                          ; 0                        ; 0                   ; 0                   ; 0                        ; 1                  ; 0                         ; 0                     ; 0                       ; 1                     ;
; next_command.RETURN_HOME   ; 0                          ; 0                        ; 0                   ; 0                   ; 1                        ; 0                  ; 0                         ; 0                     ; 0                       ; 1                     ;
; next_command.RESET2        ; 0                          ; 0                        ; 0                   ; 1                   ; 0                        ; 0                  ; 0                         ; 0                     ; 0                       ; 1                     ;
; next_command.RESET3        ; 0                          ; 0                        ; 1                   ; 0                   ; 0                        ; 0                  ; 0                         ; 0                     ; 0                       ; 1                     ;
; next_command.DISPLAY_OFF   ; 0                          ; 1                        ; 0                   ; 0                   ; 0                        ; 0                  ; 0                         ; 0                     ; 0                       ; 1                     ;
; next_command.DISPLAY_CLEAR ; 1                          ; 0                        ; 0                   ; 0                   ; 0                        ; 0                  ; 0                         ; 0                     ; 0                       ; 1                     ;
+----------------------------+----------------------------+--------------------------+---------------------+---------------------+--------------------------+--------------------+---------------------------+-----------------------+-------------------------+-----------------------+


Encoding Type:  One-Hot
+--------------------------------------------------------------------------------------------------------------------------------------------------------------------------------------------------------------------------------------------------------+
; State Machine - |lcd_driver|LCD_Display:u1|state                                                                                                                                                                                                       ;
+---------------------+---------------------+-------------------+--------------+--------------+------------+------------------+-------------------+-------------+--------------------+----------------+------------------+----------------+--------------+
; Name                ; state.DISPLAY_CLEAR ; state.DISPLAY_OFF ; state.RESET3 ; state.RESET2 ; state.HOLD ; state.DROP_LCD_E ; state.RETURN_HOME ; state.LINE2 ; state.Print_String ; state.MODE_SET ; state.DISPLAY_ON ; state.FUNC_SET ; state.RESET1 ;
+---------------------+---------------------+-------------------+--------------+--------------+------------+------------------+-------------------+-------------+--------------------+----------------+------------------+----------------+--------------+
; state.RESET1        ; 0                   ; 0                 ; 0            ; 0            ; 0          ; 0                ; 0                 ; 0           ; 0                  ; 0              ; 0                ; 0              ; 0            ;
; state.FUNC_SET      ; 0                   ; 0                 ; 0            ; 0            ; 0          ; 0                ; 0                 ; 0           ; 0                  ; 0              ; 0                ; 1              ; 1            ;
; state.DISPLAY_ON    ; 0                   ; 0                 ; 0            ; 0            ; 0          ; 0                ; 0                 ; 0           ; 0                  ; 0              ; 1                ; 0              ; 1            ;
; state.MODE_SET      ; 0                   ; 0                 ; 0            ; 0            ; 0          ; 0                ; 0                 ; 0           ; 0                  ; 1              ; 0                ; 0              ; 1            ;
; state.Print_String  ; 0                   ; 0                 ; 0            ; 0            ; 0          ; 0                ; 0                 ; 0           ; 1                  ; 0              ; 0                ; 0              ; 1            ;
; state.LINE2         ; 0                   ; 0                 ; 0            ; 0            ; 0          ; 0                ; 0                 ; 1           ; 0                  ; 0              ; 0                ; 0              ; 1            ;
; state.RETURN_HOME   ; 0                   ; 0                 ; 0            ; 0            ; 0          ; 0                ; 1                 ; 0           ; 0                  ; 0              ; 0                ; 0              ; 1            ;
; state.DROP_LCD_E    ; 0                   ; 0                 ; 0            ; 0            ; 0          ; 1                ; 0                 ; 0           ; 0                  ; 0              ; 0                ; 0              ; 1            ;
; state.HOLD          ; 0                   ; 0                 ; 0            ; 0            ; 1          ; 0                ; 0                 ; 0           ; 0                  ; 0              ; 0                ; 0              ; 1            ;
; state.RESET2        ; 0                   ; 0                 ; 0            ; 1            ; 0          ; 0                ; 0                 ; 0           ; 0                  ; 0              ; 0                ; 0              ; 1            ;
; state.RESET3        ; 0                   ; 0                 ; 1            ; 0            ; 0          ; 0                ; 0                 ; 0           ; 0                  ; 0              ; 0                ; 0              ; 1            ;
; state.DISPLAY_OFF   ; 0                   ; 1                 ; 0            ; 0            ; 0          ; 0                ; 0                 ; 0           ; 0                  ; 0              ; 0                ; 0              ; 1            ;
; state.DISPLAY_CLEAR ; 1                   ; 0                 ; 0            ; 0            ; 0          ; 0                ; 0                 ; 0           ; 0                  ; 0              ; 0                ; 0              ; 1            ;
+---------------------+---------------------+-------------------+--------------+--------------+------------+------------------+-------------------+-------------+--------------------+----------------+------------------+----------------+--------------+


+----------------------------------------------------------------------------------------------------------------------------+
; User-Specified and Inferred Latches                                                                                        ;
+----------------------------------------------------+----------------------------------------------+------------------------+
; Latch Name                                         ; Latch Enable Signal                          ; Free of Timing Hazards ;
+----------------------------------------------------+----------------------------------------------+------------------------+
; LCD_Display:u1|LCD_display_string:u1|chang[4]      ; LCD_Display:u1|LCD_display_string:u1|WideOr0 ; yes                    ;
; LCD_Display:u1|LCD_display_string:u1|chang[0]      ; LCD_Display:u1|LCD_display_string:u1|WideOr0 ; yes                    ;
; LCD_Display:u1|LCD_display_string:u1|chang[7]      ; LCD_Display:u1|LCD_display_string:u1|WideOr0 ; yes                    ;
; LCD_Display:u1|LCD_display_string:u1|chang[3]      ; LCD_Display:u1|LCD_display_string:u1|WideOr0 ; yes                    ;
; LCD_Display:u1|LCD_display_string:u1|chang[5]      ; LCD_Display:u1|LCD_display_string:u1|WideOr0 ; yes                    ;
; LCD_Display:u1|LCD_display_string:u1|chang[1]      ; LCD_Display:u1|LCD_display_string:u1|WideOr0 ; yes                    ;
; LCD_Display:u1|LCD_display_string:u1|chang[6]      ; LCD_Display:u1|LCD_display_string:u1|WideOr0 ; yes                    ;
; LCD_Display:u1|LCD_display_string:u1|chang[2]      ; LCD_Display:u1|LCD_display_string:u1|WideOr0 ; yes                    ;
; Number of user-specified and inferred latches = 8  ;                                              ;                        ;
+----------------------------------------------------+----------------------------------------------+------------------------+
Note: All latches listed above may not be present at the end of synthesis due to various synthesis optimizations.


+--------------------------------------------------------------------------------+
; Registers Removed During Synthesis                                             ;
+---------------------------------------+----------------------------------------+
; Register name                         ; Reason for Removal                     ;
+---------------------------------------+----------------------------------------+
; LCD_Display:u1|LCD_RW_INT             ; Stuck at GND due to stuck port data_in ;
; LCD_Display:u1|next_command~10        ; Lost fanout                            ;
; LCD_Display:u1|next_command~11        ; Lost fanout                            ;
; LCD_Display:u1|next_command~12        ; Lost fanout                            ;
; LCD_Display:u1|next_command~13        ; Lost fanout                            ;
; LCD_Display:u1|state~44               ; Lost fanout                            ;
; LCD_Display:u1|state~45               ; Lost fanout                            ;
; LCD_Display:u1|state~46               ; Lost fanout                            ;
; LCD_Display:u1|state~47               ; Lost fanout                            ;
; Total Number of Removed Registers = 9 ;                                        ;
+---------------------------------------+----------------------------------------+


+------------------------------------------------------+
; General Register Statistics                          ;
+----------------------------------------------+-------+
; Statistic                                    ; Value ;
+----------------------------------------------+-------+
; Total registers                              ; 80    ;
; Number of registers using Synchronous Clear  ; 20    ;
; Number of registers using Synchronous Load   ; 2     ;
; Number of registers using Asynchronous Clear ; 34    ;
; Number of registers using Asynchronous Load  ; 0     ;
; Number of registers using Clock Enable       ; 43    ;
; Number of registers using Preset             ; 0     ;
+----------------------------------------------+-------+


+------------------------------------------------------------------------------------------------------------------------------------------------------------+
; Multiplexer Restructuring Statistics (Restructuring Performed)                                                                                             ;
+--------------------+-----------+---------------+----------------------+------------------------+------------+----------------------------------------------+
; Multiplexer Inputs ; Bus Width ; Baseline Area ; Area if Restructured ; Saving if Restructured ; Registered ; Example Multiplexer Output                   ;
+--------------------+-----------+---------------+----------------------+------------------------+------------+----------------------------------------------+
; 5:1                ; 2 bits    ; 6 LEs         ; 6 LEs                ; 0 LEs                  ; Yes        ; |lcd_driver|LCD_Display:u1|DATA_BUS_VALUE[4] ;
+--------------------+-----------+---------------+----------------------+------------------------+------------+----------------------------------------------+


+-------------------------------------------------------------+
; Parameter Settings for User Entity Instance: LCD_Display:u1 ;
+----------------+-------+------------------------------------+
; Parameter Name ; Value ; Type                               ;
+----------------+-------+------------------------------------+
; HOLD           ; 0000  ; Unsigned Binary                    ;
; FUNC_SET       ; 0001  ; Unsigned Binary                    ;
; DISPLAY_ON     ; 0010  ; Unsigned Binary                    ;
; MODE_SET       ; 0011  ; Unsigned Binary                    ;
; Print_String   ; 0100  ; Unsigned Binary                    ;
; LINE2          ; 0101  ; Unsigned Binary                    ;
; RETURN_HOME    ; 0110  ; Unsigned Binary                    ;
; DROP_LCD_E     ; 0111  ; Unsigned Binary                    ;
; RESET1         ; 1000  ; Unsigned Binary                    ;
; RESET2         ; 1001  ; Unsigned Binary                    ;
; RESET3         ; 1010  ; Unsigned Binary                    ;
; DISPLAY_OFF    ; 1011  ; Unsigned Binary                    ;
; DISPLAY_CLEAR  ; 1100  ; Unsigned Binary                    ;
+----------------+-------+------------------------------------+
Note: In order to hide this table in the UI and the text report file, please set the "Show Parameter Settings Tables in Synthesis Report" option in "Analysis and Synthesis Settings -> More Settings" to "Off".


+-------------------------------+
; Analysis & Synthesis Messages ;
+-------------------------------+
Info: *******************************************************************
Info: Running Quartus II Analysis & Synthesis
    Info: Version 8.1 Build 163 10/28/2008 SJ Full Version
    Info: Processing started: Wed Jun 26 11:36:01 2019
Info: Command: quartus_map --read_settings_files=on --write_settings_files=off lcd-driver -c lcd-driver
Info: Found 4 design units, including 4 entities, in source file lcd_driver.v
    Info: Found entity 1: lcd_driver
    Info: Found entity 2: LCD_Display
    Info: Found entity 3: LCD_display_string
    Info: Found entity 4: Reset_Delay
Info: Elaborating entity "lcd_driver" for the top level hierarchy
Warning (10036): Verilog HDL or VHDL warning at lcd_driver.v(24): object "RST" assigned a value but never read
Warning (10034): Output port "LEDG[8]" at lcd_driver.v(7) has no driver
Warning (10034): Output port "LEDG[7]" at lcd_driver.v(7) has no driver
Warning (10034): Output port "LEDG[6]" at lcd_driver.v(7) has no driver
Warning (10034): Output port "LEDG[5]" at lcd_driver.v(7) has no driver
Warning (10034): Output port "LEDG[4]" at lcd_driver.v(7) has no driver
Warning (10034): Output port "LEDG[3]" at lcd_driver.v(7) has no driver
Warning (10034): Output port "LEDG[2]" at lcd_driver.v(7) has no driver
Warning (10034): Output port "LEDG[1]" at lcd_driver.v(7) has no driver
Warning (10034): Output port "LEDG[0]" at lcd_driver.v(7) has no driver
Info: Elaborating entity "Reset_Delay" for hierarchy "Reset_Delay:r0"
Info: Elaborating entity "LCD_Display" for hierarchy "LCD_Display:u1"
Info: Elaborating entity "LCD_display_string" for hierarchy "LCD_Display:u1|LCD_display_string:u1"
Warning (10240): Verilog HDL Always Construct warning at lcd_driver.v(350): inferring latch(es) for variable "chang", which holds its previous value in one or more paths through the always construct
Info (10041): Inferred latch for "chang[0]" at lcd_driver.v(350)
Info (10041): Inferred latch for "chang[1]" at lcd_driver.v(350)
Info (10041): Inferred latch for "chang[2]" at lcd_driver.v(350)
Info (10041): Inferred latch for "chang[3]" at lcd_driver.v(350)
Info (10041): Inferred latch for "chang[4]" at lcd_driver.v(350)
Info (10041): Inferred latch for "chang[5]" at lcd_driver.v(350)
Info (10041): Inferred latch for "chang[6]" at lcd_driver.v(350)
Info (10041): Inferred latch for "chang[7]" at lcd_driver.v(350)
Info (10041): Inferred latch for "chang[8]" at lcd_driver.v(350)
Info (10041): Inferred latch for "chang[9]" at lcd_driver.v(350)
Info (10041): Inferred latch for "chang[10]" at lcd_driver.v(350)
Info (10041): Inferred latch for "chang[11]" at lcd_driver.v(350)
Warning: TRI or OPNDRN buffers permanently enabled
    Warning: Node "LCD_Display:u1|DATA_BUS[0]~0"
    Warning: Node "LCD_Display:u1|DATA_BUS[1]~1"
    Warning: Node "LCD_Display:u1|DATA_BUS[2]~2"
    Warning: Node "LCD_Display:u1|DATA_BUS[3]~3"
    Warning: Node "LCD_Display:u1|DATA_BUS[4]~4"
    Warning: Node "LCD_Display:u1|DATA_BUS[5]~5"
    Warning: Node "LCD_Display:u1|DATA_BUS[6]~6"
    Warning: Node "LCD_Display:u1|DATA_BUS[7]~7"
Warning: Output pins are stuck at VCC or GND
    Warning (13410): Pin "HEX0[0]" is stuck at VCC
    Warning (13410): Pin "HEX0[1]" is stuck at VCC
    Warning (13410): Pin "HEX0[2]" is stuck at VCC
    Warning (13410): Pin "HEX0[3]" is stuck at VCC
    Warning (13410): Pin "HEX0[4]" is stuck at VCC
    Warning (13410): Pin "HEX0[5]" is stuck at VCC
    Warning (13410): Pin "HEX0[6]" is stuck at VCC
    Warning (13410): Pin "HEX1[0]" is stuck at VCC
    Warning (13410): Pin "HEX1[1]" is stuck at VCC
    Warning (13410): Pin "HEX1[2]" is stuck at VCC
    Warning (13410): Pin "HEX1[3]" is stuck at VCC
    Warning (13410): Pin "HEX1[4]" is stuck at VCC
    Warning (13410): Pin "HEX1[5]" is stuck at VCC
    Warning (13410): Pin "HEX1[6]" is stuck at VCC
    Warning (13410): Pin "HEX2[0]" is stuck at VCC
    Warning (13410): Pin "HEX2[1]" is stuck at VCC
    Warning (13410): Pin "HEX2[2]" is stuck at VCC
    Warning (13410): Pin "HEX2[3]" is stuck at VCC
    Warning (13410): Pin "HEX2[4]" is stuck at VCC
    Warning (13410): Pin "HEX2[5]" is stuck at VCC
    Warning (13410): Pin "HEX2[6]" is stuck at VCC
    Warning (13410): Pin "HEX3[0]" is stuck at VCC
    Warning (13410): Pin "HEX3[1]" is stuck at VCC
    Warning (13410): Pin "HEX3[2]" is stuck at VCC
    Warning (13410): Pin "HEX3[3]" is stuck at VCC
    Warning (13410): Pin "HEX3[4]" is stuck at VCC
    Warning (13410): Pin "HEX3[5]" is stuck at VCC
    Warning (13410): Pin "HEX3[6]" is stuck at VCC
    Warning (13410): Pin "HEX4[0]" is stuck at VCC
    Warning (13410): Pin "HEX4[1]" is stuck at VCC
    Warning (13410): Pin "HEX4[2]" is stuck at VCC
    Warning (13410): Pin "HEX4[3]" is stuck at VCC
    Warning (13410): Pin "HEX4[4]" is stuck at VCC
    Warning (13410): Pin "HEX4[5]" is stuck at VCC
    Warning (13410): Pin "HEX4[6]" is stuck at VCC
    Warning (13410): Pin "HEX5[0]" is stuck at VCC
    Warning (13410): Pin "HEX5[1]" is stuck at VCC
    Warning (13410): Pin "HEX5[2]" is stuck at VCC
    Warning (13410): Pin "HEX5[3]" is stuck at VCC
    Warning (13410): Pin "HEX5[4]" is stuck at VCC
    Warning (13410): Pin "HEX5[5]" is stuck at VCC
    Warning (13410): Pin "HEX5[6]" is stuck at VCC
    Warning (13410): Pin "HEX6[0]" is stuck at VCC
    Warning (13410): Pin "HEX6[1]" is stuck at VCC
    Warning (13410): Pin "HEX6[2]" is stuck at VCC
    Warning (13410): Pin "HEX6[3]" is stuck at VCC
    Warning (13410): Pin "HEX6[4]" is stuck at VCC
    Warning (13410): Pin "HEX6[5]" is stuck at VCC
    Warning (13410): Pin "HEX6[6]" is stuck at VCC
    Warning (13410): Pin "HEX7[0]" is stuck at VCC
    Warning (13410): Pin "HEX7[1]" is stuck at VCC
    Warning (13410): Pin "HEX7[2]" is stuck at VCC
    Warning (13410): Pin "HEX7[3]" is stuck at VCC
    Warning (13410): Pin "HEX7[4]" is stuck at VCC
    Warning (13410): Pin "HEX7[5]" is stuck at VCC
    Warning (13410): Pin "HEX7[6]" is stuck at VCC
    Warning (13410): Pin "LEDG[0]" is stuck at GND
    Warning (13410): Pin "LEDG[1]" is stuck at GND
    Warning (13410): Pin "LEDG[2]" is stuck at GND
    Warning (13410): Pin "LEDG[3]" is stuck at GND
    Warning (13410): Pin "LEDG[4]" is stuck at GND
    Warning (13410): Pin "LEDG[5]" is stuck at GND
    Warning (13410): Pin "LEDG[6]" is stuck at GND
    Warning (13410): Pin "LEDG[7]" is stuck at GND
    Warning (13410): Pin "LEDG[8]" is stuck at GND
    Warning (13410): Pin "LCD_ON" is stuck at VCC
    Warning (13410): Pin "LCD_BLON" is stuck at VCC
    Warning (13410): Pin "LCD_RW" is stuck at GND
Info: 8 registers lost all their fanouts during netlist optimizations. The first 8 are displayed below.
    Info: Register "LCD_Display:u1|next_command~10" lost all its fanouts during netlist optimizations.
    Info: Register "LCD_Display:u1|next_command~11" lost all its fanouts during netlist optimizations.
    Info: Register "LCD_Display:u1|next_command~12" lost all its fanouts during netlist optimizations.
    Info: Register "LCD_Display:u1|next_command~13" lost all its fanouts during netlist optimizations.
    Info: Register "LCD_Display:u1|state~44" lost all its fanouts during netlist optimizations.
    Info: Register "LCD_Display:u1|state~45" lost all its fanouts during netlist optimizations.
    Info: Register "LCD_Display:u1|state~46" lost all its fanouts during netlist optimizations.
    Info: Register "LCD_Display:u1|state~47" lost all its fanouts during netlist optimizations.
Info: Generated suppressed messages file D:/lcd-driver-CFAH1602BTMCJP/src/lcd-driver.map.smsg
Warning: Design contains 4 input pin(s) that do not drive logic
    Warning (15610): No output dependent on input pin "KEY[0]"
    Warning (15610): No output dependent on input pin "KEY[1]"
    Warning (15610): No output dependent on input pin "KEY[2]"
    Warning (15610): No output dependent on input pin "KEY[3]"
Info: Implemented 369 device resources after synthesis - the final resource count might be different
    Info: Implemented 23 input pins
    Info: Implemented 88 output pins
    Info: Implemented 80 bidirectional pins
    Info: Implemented 178 logic cells
Info: Quartus II Analysis & Synthesis was successful. 0 errors, 94 warnings
    Info: Peak virtual memory: 203 megabytes
    Info: Processing ended: Wed Jun 26 11:36:03 2019
    Info: Elapsed time: 00:00:02
    Info: Total CPU time (on all processors): 00:00:02


+------------------------------------------+
; Analysis & Synthesis Suppressed Messages ;
+------------------------------------------+
The suppressed messages can be found in D:/lcd-driver-CFAH1602BTMCJP/src/lcd-driver.map.smsg.


